C51 COMPILER V9.52.0.0   SMG2BIT4S                                                         03/27/2019 18:24:38 PAGE 1   


C51 COMPILER V9.52.0.0, COMPILATION OF MODULE SMG2BIT4S
OBJECT MODULE PLACED IN SMG2Bit4S.OBJ
COMPILER INVOKED BY: D:\keil4\C51\BIN\C51.EXE SMG2Bit4S.c TABS(2)

line level    source

   1          #include "SMG2Bit4S.h"
   2          
   3          //定义数码管显示编码
   4          unsigned char code SMG_CODE[] = 
   5          {// 0  1    2    3  4  5    6    7  8  9    A    b  C    d    E    F    -              .
   6            0xC0,0xF9,0xA4,0xB0,0x99,0x92,0x82,0xF8,0x80,0x90,0x8C,0xBF,0xC6,0xA1,0x86,0xFF,0xbf,0x7f
   7          };
   8          
   9          //数码管显示四位数据
  10          void SMG_Display2Bit4SMG (int smgI1, int smgI2, int smgI3, int smgI4, int smgV1, int smgV2, int smgV3, int
             - smgV4)
  11          {
  12   1        int num = 0;
  13   1        
  14   1        uchar SMG[2][4];    //存储四位数码管要显示的数据
  15   1        SMG[0][0]=smgI4;
  16   1        SMG[0][1]=smgI3;
  17   1        SMG[0][2]=smgI2;
  18   1        SMG[0][3]=smgI1;
  19   1        SMG[1][0]=smgV4;
  20   1        SMG[1][1]=smgV3;
  21   1        SMG[1][2]=smgV2;
  22   1        SMG[1][3]=smgV1;
  23   1      
  24   1        for(num = 0; num < 4; num++)
  25   1        {
  26   2          if(num == 3){
  27   3            SMG_OUTI( ~(SMG_CODE[ SMG[0][num] ] & 0x7f ));     
  28   3            SMG_OUTV( ~(SMG_CODE[ SMG[1][num] ] & 0x7f ));
  29   3          }else{
  30   3            SMG_OUTI( ~SMG_CODE[ SMG[0][num] ] );     
  31   3            SMG_OUTV( ~SMG_CODE[ SMG[1][num] ] );
  32   3          }
  33   2          
  34   2          SMG_OUTI( 0xF7 >> num );
  35   2          SMG_OUTV( 0xF7 >> num );
  36   2          
  37   2          RCLKI = 0;
  38   2          RCLKI = 1;
  39   2          RCLKV = 0;
  40   2          RCLKV = 1;
  41   2        }
  42   1        
  43   1      }
  44          
  45          //向74HC595写入一个八位数
  46          void SMG_OUTI(uchar X)
  47          {
  48   1        uchar i;
  49   1        for(i=8;i>=1;i--)
  50   1        {
  51   2          if (X&0x80) DIOI = 1; else DIOI = 0;
  52   2          X <<= 1;
  53   2          SCLKI = 0;
  54   2          SCLKI = 1;
C51 COMPILER V9.52.0.0   SMG2BIT4S                                                         03/27/2019 18:24:38 PAGE 2   

  55   2        }
  56   1      }
  57          
  58          void SMG_OUTV(uchar X)
  59          {
  60   1        uchar i;
  61   1        for(i=8;i>=1;i--)
  62   1        {
  63   2          if (X&0x80) DIOV = 1; else DIOV = 0;
  64   2          X <<= 1;
  65   2          SCLKV = 0;
  66   2          SCLKV = 1;
  67   2        }
  68   1      }


MODULE INFORMATION:   STATIC OVERLAYABLE
   CODE SIZE        =    210    ----
   CONSTANT SIZE    =     18    ----
   XDATA SIZE       =   ----    ----
   PDATA SIZE       =   ----    ----
   DATA SIZE        =   ----      26
   IDATA SIZE       =   ----    ----
   BIT SIZE         =   ----    ----
END OF MODULE INFORMATION.


C51 COMPILATION COMPLETE.  0 WARNING(S),  0 ERROR(S)
